// Jest Snapshot v1, https://goo.gl/fbAQLP

exports[`renders correctly 1`] = `
<button
  className="size-md border-2 dark: text-white rounded "
>
  Button
</button>
`;
