// Jest Snapshot v1, https://goo.gl/fbAQLP

exports[`Button render correctly 1`] = `
<button
  className="box-border px-4 py-1 border "
  onClick={[Function]}
>
  Button
</button>
`;
